[17:57:54] === overnight sweep start: 17 benches, iter_cap=500000, time_cap=35.0min, deadline=11.5h ===
[17:57:55] ibm01: fresh start from legalized reference
[17:58:17] ibm01: 20000 iters, fast=0.8603 tilos=0.8605 ov=0 (21s)
[17:58:39] ibm01: 40000 iters, fast=0.8416 tilos=0.8420 ov=0 (44s)
[17:59:01] ibm01: 60000 iters, fast=0.8328 tilos=0.8332 ov=0 (66s)
[17:59:24] ibm01: 80000 iters, fast=0.8271 tilos=0.8275 ov=0 (88s)
[17:59:45] ibm01: 100000 iters, fast=0.8224 tilos=0.8228 ov=0 (110s)
[18:00:07] ibm01: 120000 iters, fast=0.8192 tilos=0.8196 ov=0 (132s)
[18:00:29] ibm01: 140000 iters, fast=0.8174 tilos=0.8177 ov=0 (153s)
[18:00:52] ibm01: 160000 iters, fast=0.8152 tilos=0.8154 ov=0 (176s)
[18:01:14] ibm01: 180000 iters, fast=0.8139 tilos=0.8142 ov=0 (198s)
[18:01:36] ibm01: 200000 iters, fast=0.8127 tilos=0.8130 ov=0 (220s)
[18:01:58] ibm01: 220000 iters, fast=0.8121 tilos=0.8124 ov=0 (242s)
[18:02:20] ibm01: 240000 iters, fast=0.8112 tilos=0.8114 ov=0 (264s)
[18:02:42] ibm01: 260000 iters, fast=0.8104 tilos=0.8106 ov=0 (286s)
[18:03:04] ibm01: 280000 iters, fast=0.8089 tilos=0.8091 ov=0 (308s)
[18:03:26] ibm01: 300000 iters, fast=0.8077 tilos=0.8079 ov=0 (330s)
[18:03:47] ibm01: 320000 iters, fast=0.8069 tilos=0.8071 ov=0 (352s)
[18:04:09] ibm01: 340000 iters, fast=0.8059 tilos=0.8062 ov=0 (373s)
[18:04:31] ibm01: 360000 iters, fast=0.8052 tilos=0.8054 ov=0 (395s)
[18:04:53] ibm01: 380000 iters, fast=0.8043 tilos=0.8046 ov=0 (417s)
[18:05:15] ibm01: 400000 iters, fast=0.8038 tilos=0.8041 ov=0 (439s)
[18:05:37] ibm01: 420000 iters, fast=0.8033 tilos=0.8036 ov=0 (461s)
[18:05:59] ibm01: 440000 iters, fast=0.8027 tilos=0.8029 ov=0 (483s)
[18:06:21] ibm01: 460000 iters, fast=0.8022 tilos=0.8025 ov=0 (505s)
[18:06:43] ibm01: 480000 iters, fast=0.8019 tilos=0.8021 ov=0 (527s)
[18:07:05] ibm01: 500000 iters, fast=0.8013 tilos=0.8015 ov=0 (549s)
[18:07:05] ibm01: DONE (500000 iters, 549s)
[18:07:07] ibm02: fresh start from legalized reference
[18:07:41] ibm02: 20000 iters, fast=1.2307 tilos=1.2307 ov=0 (31s)
[18:08:14] ibm02: 40000 iters, fast=1.1915 tilos=1.1915 ov=0 (65s)
[18:08:47] ibm02: 60000 iters, fast=1.1739 tilos=1.1739 ov=0 (98s)
[18:09:21] ibm02: 80000 iters, fast=1.1637 tilos=1.1637 ov=0 (131s)
[18:09:54] ibm02: 100000 iters, fast=1.1586 tilos=1.1586 ov=0 (165s)
[18:10:28] ibm02: 120000 iters, fast=1.1551 tilos=1.1551 ov=0 (198s)
[18:11:02] ibm02: 140000 iters, fast=1.1526 tilos=1.1526 ov=0 (232s)
[18:11:35] ibm02: 160000 iters, fast=1.1500 tilos=1.1500 ov=0 (266s)
[18:12:09] ibm02: 180000 iters, fast=1.1475 tilos=1.1475 ov=0 (299s)
[18:12:42] ibm02: 200000 iters, fast=1.1465 tilos=1.1465 ov=0 (333s)
[18:13:16] ibm02: 220000 iters, fast=1.1448 tilos=1.1448 ov=0 (366s)
[18:13:49] ibm02: 240000 iters, fast=1.1438 tilos=1.1438 ov=0 (400s)
[18:14:23] ibm02: 260000 iters, fast=1.1423 tilos=1.1423 ov=0 (433s)
[18:14:56] ibm02: 280000 iters, fast=1.1413 tilos=1.1413 ov=0 (467s)
[18:15:30] ibm02: 300000 iters, fast=1.1404 tilos=1.1404 ov=0 (500s)
[18:16:03] ibm02: 320000 iters, fast=1.1395 tilos=1.1395 ov=0 (533s)
[18:16:36] ibm02: 340000 iters, fast=1.1389 tilos=1.1389 ov=0 (567s)
[18:17:10] ibm02: 360000 iters, fast=1.1383 tilos=1.1383 ov=0 (600s)
[18:17:43] ibm02: 380000 iters, fast=1.1375 tilos=1.1375 ov=0 (633s)
[18:18:16] ibm02: 400000 iters, fast=1.1371 tilos=1.1371 ov=0 (667s)
[18:18:49] ibm02: 420000 iters, fast=1.1369 tilos=1.1369 ov=0 (700s)
[18:19:23] ibm02: 440000 iters, fast=1.1366 tilos=1.1366 ov=0 (733s)
[18:19:56] ibm02: 460000 iters, fast=1.1362 tilos=1.1362 ov=0 (766s)
[18:20:29] ibm02: 480000 iters, fast=1.1358 tilos=1.1358 ov=0 (799s)
[18:21:02] ibm02: 500000 iters, fast=1.1356 tilos=1.1356 ov=0 (833s)
[18:21:02] ibm02: DONE (500000 iters, 833s)
[18:21:04] ibm03: fresh start from legalized reference
[18:21:30] ibm03: 20000 iters, fast=1.0508 tilos=1.0507 ov=0 (24s)
[18:21:55] ibm03: 40000 iters, fast=1.0269 tilos=1.0269 ov=0 (50s)
[18:22:21] ibm03: 60000 iters, fast=1.0141 tilos=1.0141 ov=0 (75s)
[18:22:46] ibm03: 80000 iters, fast=1.0100 tilos=1.0101 ov=0 (101s)
[18:23:12] ibm03: 100000 iters, fast=1.0069 tilos=1.0069 ov=0 (126s)
[18:23:37] ibm03: 120000 iters, fast=1.0043 tilos=1.0044 ov=0 (152s)
[18:24:03] ibm03: 140000 iters, fast=1.0027 tilos=1.0027 ov=0 (177s)
[18:24:28] ibm03: 160000 iters, fast=1.0014 tilos=1.0014 ov=0 (202s)
[18:24:53] ibm03: 180000 iters, fast=1.0007 tilos=1.0007 ov=0 (228s)
[18:25:19] ibm03: 200000 iters, fast=0.9998 tilos=0.9999 ov=0 (253s)
[18:25:44] ibm03: 220000 iters, fast=0.9990 tilos=0.9990 ov=0 (278s)
[18:26:09] ibm03: 240000 iters, fast=0.9979 tilos=0.9979 ov=0 (304s)
[18:26:35] ibm03: 260000 iters, fast=0.9974 tilos=0.9974 ov=0 (329s)
[18:27:00] ibm03: 280000 iters, fast=0.9970 tilos=0.9970 ov=0 (355s)
[18:27:26] ibm03: 300000 iters, fast=0.9963 tilos=0.9964 ov=0 (380s)
[18:27:51] ibm03: 320000 iters, fast=0.9959 tilos=0.9960 ov=0 (406s)
[18:28:16] ibm03: 340000 iters, fast=0.9955 tilos=0.9955 ov=0 (431s)
[18:28:42] ibm03: 360000 iters, fast=0.9952 tilos=0.9953 ov=0 (456s)
[18:29:07] ibm03: 380000 iters, fast=0.9949 tilos=0.9950 ov=0 (481s)
[18:29:32] ibm03: 400000 iters, fast=0.9944 tilos=0.9945 ov=0 (507s)
[18:29:58] ibm03: 420000 iters, fast=0.9941 tilos=0.9941 ov=0 (532s)
[18:30:23] ibm03: 440000 iters, fast=0.9938 tilos=0.9938 ov=0 (558s)
[18:30:49] ibm03: 460000 iters, fast=0.9936 tilos=0.9937 ov=0 (583s)
[18:31:14] ibm03: 480000 iters, fast=0.9934 tilos=0.9935 ov=0 (608s)
[18:31:39] ibm03: 500000 iters, fast=0.9932 tilos=0.9932 ov=0 (634s)
[18:31:39] ibm03: DONE (500000 iters, 634s)
[18:31:40] ibm04: fresh start from legalized reference
[18:32:07] ibm04: 20000 iters, fast=1.0469 tilos=1.0469 ov=0 (24s)
[18:32:34] ibm04: 40000 iters, fast=1.0256 tilos=1.0256 ov=0 (50s)
[18:33:00] ibm04: 60000 iters, fast=1.0137 tilos=1.0137 ov=0 (77s)
[18:33:26] ibm04: 80000 iters, fast=1.0057 tilos=1.0057 ov=0 (103s)
[18:33:52] ibm04: 100000 iters, fast=1.0028 tilos=1.0028 ov=0 (129s)
[18:34:18] ibm04: 120000 iters, fast=0.9996 tilos=0.9996 ov=0 (155s)
[18:34:45] ibm04: 140000 iters, fast=0.9961 tilos=0.9961 ov=0 (182s)
[18:35:11] ibm04: 160000 iters, fast=0.9944 tilos=0.9944 ov=0 (208s)
[18:35:37] ibm04: 180000 iters, fast=0.9937 tilos=0.9937 ov=0 (234s)
[18:36:04] ibm04: 200000 iters, fast=0.9930 tilos=0.9930 ov=0 (261s)
[18:36:30] ibm04: 220000 iters, fast=0.9925 tilos=0.9925 ov=0 (287s)
[18:36:56] ibm04: 240000 iters, fast=0.9917 tilos=0.9917 ov=0 (313s)
[18:37:22] ibm04: 260000 iters, fast=0.9912 tilos=0.9912 ov=0 (339s)
[18:37:49] ibm04: 280000 iters, fast=0.9906 tilos=0.9906 ov=0 (365s)
[18:38:15] ibm04: 300000 iters, fast=0.9901 tilos=0.9901 ov=0 (392s)
[18:38:41] ibm04: 320000 iters, fast=0.9898 tilos=0.9898 ov=0 (418s)
[18:39:07] ibm04: 340000 iters, fast=0.9894 tilos=0.9894 ov=0 (444s)
[18:39:34] ibm04: 360000 iters, fast=0.9892 tilos=0.9892 ov=0 (471s)
[18:40:00] ibm04: 380000 iters, fast=0.9888 tilos=0.9888 ov=0 (497s)
[18:40:26] ibm04: 400000 iters, fast=0.9884 tilos=0.9884 ov=0 (523s)
[18:40:52] ibm04: 420000 iters, fast=0.9879 tilos=0.9879 ov=0 (549s)
[18:41:19] ibm04: 440000 iters, fast=0.9878 tilos=0.9878 ov=0 (576s)
[18:41:45] ibm04: 460000 iters, fast=0.9875 tilos=0.9875 ov=0 (602s)
[18:42:11] ibm04: 480000 iters, fast=0.9873 tilos=0.9873 ov=0 (628s)
[18:42:37] ibm04: 500000 iters, fast=0.9872 tilos=0.9872 ov=0 (655s)
[18:42:37] ibm04: DONE (500000 iters, 655s)
[18:42:39] ibm06: fresh start from legalized reference
[18:43:23] ibm06: 20000 iters, fast=1.2615 tilos=1.2625 ov=5 (41s)
[18:44:07] ibm06: 40000 iters, fast=1.2151 tilos=1.2160 ov=5 (84s)
[18:44:50] ibm06: 60000 iters, fast=1.1954 tilos=1.1966 ov=5 (128s)
[18:45:34] ibm06: 80000 iters, fast=1.1869 tilos=1.1873 ov=5 (171s)
[18:46:17] ibm06: 100000 iters, fast=1.1826 tilos=1.1830 ov=5 (215s)
[18:47:01] ibm06: 120000 iters, fast=1.1780 tilos=1.1788 ov=5 (258s)
[18:47:45] ibm06: 140000 iters, fast=1.1737 tilos=1.1746 ov=5 (302s)
[18:48:29] ibm06: 160000 iters, fast=1.1708 tilos=1.1716 ov=5 (346s)
[18:49:12] ibm06: 180000 iters, fast=1.1676 tilos=1.1685 ov=5 (390s)
[18:49:56] ibm06: 200000 iters, fast=1.1650 tilos=1.1659 ov=5 (434s)
[18:50:40] ibm06: 220000 iters, fast=1.1635 tilos=1.1644 ov=5 (478s)
[18:51:24] ibm06: 240000 iters, fast=1.1611 tilos=1.1620 ov=5 (521s)
[18:52:07] ibm06: 260000 iters, fast=1.1593 tilos=1.1603 ov=5 (565s)
[18:52:51] ibm06: 280000 iters, fast=1.1587 tilos=1.1596 ov=5 (608s)
[18:53:34] ibm06: 300000 iters, fast=1.1581 tilos=1.1590 ov=5 (651s)
[18:54:17] ibm06: 320000 iters, fast=1.1576 tilos=1.1585 ov=5 (695s)
[18:55:01] ibm06: 340000 iters, fast=1.1572 tilos=1.1581 ov=5 (738s)
[18:55:44] ibm06: 360000 iters, fast=1.1562 tilos=1.1571 ov=5 (782s)
[18:56:28] ibm06: 380000 iters, fast=1.1551 tilos=1.1561 ov=5 (825s)
[18:57:11] ibm06: 400000 iters, fast=1.1537 tilos=1.1543 ov=5 (869s)
[18:57:55] ibm06: 420000 iters, fast=1.1531 tilos=1.1537 ov=5 (912s)
[18:58:38] ibm06: 440000 iters, fast=1.1525 tilos=1.1531 ov=5 (956s)
[18:59:22] ibm06: 460000 iters, fast=1.1522 tilos=1.1528 ov=5 (1000s)
[19:00:06] ibm06: 480000 iters, fast=1.1518 tilos=1.1525 ov=5 (1043s)
[19:00:50] ibm06: 500000 iters, fast=1.1508 tilos=1.1514 ov=5 (1087s)
[19:00:50] ibm06: DONE (500000 iters, 1087s)
[19:00:52] ibm07: fresh start from legalized reference
[19:01:34] ibm07: 20000 iters, fast=1.1833 tilos=1.1822 ov=0 (36s)
[19:02:14] ibm07: 40000 iters, fast=1.1523 tilos=1.1513 ov=0 (76s)
[19:02:53] ibm07: 60000 iters, fast=1.1382 tilos=1.1369 ov=0 (116s)
[19:03:33] ibm07: 80000 iters, fast=1.1325 tilos=1.1310 ov=0 (156s)
[19:04:13] ibm07: 100000 iters, fast=1.1277 tilos=1.1261 ov=0 (195s)
[19:04:52] ibm07: 120000 iters, fast=1.1242 tilos=1.1226 ov=0 (235s)
[19:05:32] ibm07: 140000 iters, fast=1.1215 tilos=1.1199 ov=0 (275s)
[19:06:12] ibm07: 160000 iters, fast=1.1201 tilos=1.1186 ov=0 (315s)
[19:06:52] ibm07: 180000 iters, fast=1.1180 tilos=1.1164 ov=0 (355s)
[19:07:32] ibm07: 200000 iters, fast=1.1159 tilos=1.1143 ov=0 (394s)
[19:08:12] ibm07: 220000 iters, fast=1.1149 tilos=1.1132 ov=0 (434s)
[19:08:52] ibm07: 240000 iters, fast=1.1133 tilos=1.1116 ov=0 (475s)
[19:09:32] ibm07: 260000 iters, fast=1.1117 tilos=1.1100 ov=0 (514s)
[19:10:11] ibm07: 280000 iters, fast=1.1110 tilos=1.1093 ov=0 (554s)
[19:10:51] ibm07: 300000 iters, fast=1.1103 tilos=1.1086 ov=0 (594s)
[19:11:31] ibm07: 320000 iters, fast=1.1093 tilos=1.1077 ov=0 (634s)
[19:12:11] ibm07: 340000 iters, fast=1.1084 tilos=1.1067 ov=0 (673s)
[19:12:51] ibm07: 360000 iters, fast=1.1076 tilos=1.1058 ov=0 (713s)
[19:13:31] ibm07: 380000 iters, fast=1.1069 tilos=1.1051 ov=0 (753s)
[19:14:10] ibm07: 400000 iters, fast=1.1065 tilos=1.1047 ov=0 (793s)
[19:14:50] ibm07: 420000 iters, fast=1.1062 tilos=1.1044 ov=0 (833s)
[19:15:30] ibm07: 440000 iters, fast=1.1059 tilos=1.1041 ov=0 (873s)
[19:16:10] ibm07: 460000 iters, fast=1.1057 tilos=1.1039 ov=0 (913s)
[19:16:50] ibm07: 480000 iters, fast=1.1054 tilos=1.1036 ov=0 (953s)
[19:17:30] ibm07: 500000 iters, fast=1.1052 tilos=1.1035 ov=0 (993s)
[19:17:30] ibm07: DONE (500000 iters, 993s)
[19:17:34] ibm08: fresh start from legalized reference
[19:18:27] ibm08: 20000 iters, fast=1.4392 tilos=1.4392 ov=0 (47s)
[19:19:19] ibm08: 40000 iters, fast=1.3944 tilos=1.3944 ov=0 (99s)
[19:20:11] ibm08: 60000 iters, fast=1.3637 tilos=1.3637 ov=0 (151s)
[19:21:02] ibm08: 80000 iters, fast=1.3477 tilos=1.3477 ov=0 (202s)
[19:21:54] ibm08: 100000 iters, fast=1.3416 tilos=1.3416 ov=0 (254s)
[19:22:46] ibm08: 120000 iters, fast=1.3373 tilos=1.3373 ov=0 (306s)
[19:23:38] ibm08: 140000 iters, fast=1.3349 tilos=1.3349 ov=0 (358s)
[19:24:30] ibm08: 160000 iters, fast=1.3308 tilos=1.3308 ov=0 (410s)
[19:25:21] ibm08: 180000 iters, fast=1.3276 tilos=1.3276 ov=0 (461s)
[19:26:13] ibm08: 200000 iters, fast=1.3257 tilos=1.3257 ov=0 (513s)
[19:27:04] ibm08: 220000 iters, fast=1.3242 tilos=1.3242 ov=0 (564s)
[19:27:56] ibm08: 240000 iters, fast=1.3230 tilos=1.3230 ov=0 (617s)
[19:28:48] ibm08: 260000 iters, fast=1.3217 tilos=1.3217 ov=0 (668s)
[19:29:40] ibm08: 280000 iters, fast=1.3206 tilos=1.3206 ov=0 (720s)
[19:30:31] ibm08: 300000 iters, fast=1.3183 tilos=1.3183 ov=0 (771s)
[19:31:23] ibm08: 320000 iters, fast=1.3173 tilos=1.3173 ov=0 (823s)
[19:32:15] ibm08: 340000 iters, fast=1.3165 tilos=1.3165 ov=0 (875s)
[19:33:06] ibm08: 360000 iters, fast=1.3160 tilos=1.3160 ov=0 (926s)
[19:33:58] ibm08: 380000 iters, fast=1.3152 tilos=1.3152 ov=0 (978s)
[19:34:50] ibm08: 400000 iters, fast=1.3147 tilos=1.3147 ov=0 (1030s)
[19:35:41] ibm08: 420000 iters, fast=1.3140 tilos=1.3140 ov=0 (1081s)
[19:36:33] ibm08: 440000 iters, fast=1.3134 tilos=1.3134 ov=0 (1133s)
[19:37:24] ibm08: 460000 iters, fast=1.3128 tilos=1.3128 ov=0 (1184s)
[19:38:16] ibm08: 480000 iters, fast=1.3116 tilos=1.3116 ov=0 (1236s)
[19:39:08] ibm08: 500000 iters, fast=1.3109 tilos=1.3109 ov=0 (1288s)
[19:39:08] ibm08: DONE (500000 iters, 1288s)
[19:39:10] ibm09: fresh start from legalized reference
[19:39:46] ibm09: 20000 iters, fast=0.9103 tilos=0.9103 ov=0 (32s)
[19:40:21] ibm09: 40000 iters, fast=0.8930 tilos=0.8930 ov=0 (67s)
[19:40:56] ibm09: 60000 iters, fast=0.8842 tilos=0.8842 ov=0 (102s)
[19:41:31] ibm09: 80000 iters, fast=0.8806 tilos=0.8806 ov=0 (136s)
[19:42:05] ibm09: 100000 iters, fast=0.8763 tilos=0.8763 ov=0 (171s)
[19:42:40] ibm09: 120000 iters, fast=0.8734 tilos=0.8734 ov=0 (206s)
[19:43:14] ibm09: 140000 iters, fast=0.8716 tilos=0.8716 ov=0 (240s)
[19:43:49] ibm09: 160000 iters, fast=0.8701 tilos=0.8701 ov=0 (275s)
[19:44:24] ibm09: 180000 iters, fast=0.8659 tilos=0.8659 ov=0 (310s)
[19:44:58] ibm09: 200000 iters, fast=0.8642 tilos=0.8642 ov=0 (344s)
[19:45:34] ibm09: 220000 iters, fast=0.8631 tilos=0.8631 ov=0 (379s)
[19:46:08] ibm09: 240000 iters, fast=0.8620 tilos=0.8620 ov=0 (414s)
[19:46:43] ibm09: 260000 iters, fast=0.8611 tilos=0.8611 ov=0 (449s)
[19:47:17] ibm09: 280000 iters, fast=0.8606 tilos=0.8606 ov=0 (483s)
[19:47:52] ibm09: 300000 iters, fast=0.8596 tilos=0.8596 ov=0 (518s)
[19:48:27] ibm09: 320000 iters, fast=0.8591 tilos=0.8591 ov=0 (553s)
[19:49:01] ibm09: 340000 iters, fast=0.8583 tilos=0.8583 ov=0 (587s)
[19:49:36] ibm09: 360000 iters, fast=0.8576 tilos=0.8576 ov=0 (622s)
[19:50:10] ibm09: 380000 iters, fast=0.8571 tilos=0.8571 ov=0 (656s)
[19:50:45] ibm09: 400000 iters, fast=0.8567 tilos=0.8567 ov=0 (691s)
[19:51:19] ibm09: 420000 iters, fast=0.8564 tilos=0.8564 ov=0 (725s)
[19:51:53] ibm09: 440000 iters, fast=0.8561 tilos=0.8561 ov=0 (759s)
[19:52:28] ibm09: 460000 iters, fast=0.8554 tilos=0.8554 ov=0 (794s)
[19:53:03] ibm09: 480000 iters, fast=0.8549 tilos=0.8549 ov=0 (829s)
[19:53:38] ibm09: 500000 iters, fast=0.8546 tilos=0.8546 ov=0 (864s)
[19:53:38] ibm09: DONE (500000 iters, 864s)
[19:53:48] ibm10: fresh start from legalized reference
[19:54:50] ibm10: 20000 iters, fast=1.1512 tilos=1.1512 ov=0 (41s)
[19:55:46] ibm10: 40000 iters, fast=1.1223 tilos=1.1223 ov=0 (97s)
[19:56:43] ibm10: 60000 iters, fast=1.1052 tilos=1.1052 ov=0 (154s)
[19:57:41] ibm10: 80000 iters, fast=1.0970 tilos=1.0970 ov=0 (211s)
[19:58:37] ibm10: 100000 iters, fast=1.0905 tilos=1.0905 ov=0 (268s)
[19:59:36] ibm10: 120000 iters, fast=1.0866 tilos=1.0866 ov=0 (325s)
[20:00:32] ibm10: 140000 iters, fast=1.0829 tilos=1.0829 ov=0 (383s)
[20:01:28] ibm10: 160000 iters, fast=1.0805 tilos=1.0805 ov=0 (439s)
[20:02:25] ibm10: 180000 iters, fast=1.0775 tilos=1.0775 ov=0 (496s)
[20:03:21] ibm10: 200000 iters, fast=1.0756 tilos=1.0756 ov=0 (552s)
[20:04:17] ibm10: 220000 iters, fast=1.0733 tilos=1.0733 ov=0 (608s)
[20:05:14] ibm10: 240000 iters, fast=1.0715 tilos=1.0715 ov=0 (665s)
[20:06:11] ibm10: 260000 iters, fast=1.0703 tilos=1.0703 ov=0 (722s)
[20:07:07] ibm10: 280000 iters, fast=1.0692 tilos=1.0692 ov=0 (778s)
[20:08:03] ibm10: 300000 iters, fast=1.0683 tilos=1.0683 ov=0 (834s)
[20:09:00] ibm10: 320000 iters, fast=1.0674 tilos=1.0674 ov=0 (891s)
[20:09:57] ibm10: 340000 iters, fast=1.0668 tilos=1.0668 ov=0 (948s)
[20:10:53] ibm10: 360000 iters, fast=1.0665 tilos=1.0665 ov=0 (1004s)
[20:11:49] ibm10: 380000 iters, fast=1.0661 tilos=1.0661 ov=0 (1060s)
[20:12:46] ibm10: 400000 iters, fast=1.0657 tilos=1.0657 ov=0 (1117s)
[20:13:43] ibm10: 420000 iters, fast=1.0651 tilos=1.0651 ov=0 (1174s)
[20:14:39] ibm10: 440000 iters, fast=1.0647 tilos=1.0647 ov=0 (1230s)
[20:15:36] ibm10: 460000 iters, fast=1.0643 tilos=1.0643 ov=0 (1286s)
[20:16:32] ibm10: 480000 iters, fast=1.0639 tilos=1.0639 ov=0 (1343s)
[20:17:29] ibm10: 500000 iters, fast=1.0633 tilos=1.0633 ov=0 (1400s)
[20:17:29] ibm10: DONE (500000 iters, 1400s)
[20:17:32] ibm11: fresh start from legalized reference
[20:18:13] ibm11: 20000 iters, fast=0.9744 tilos=0.9744 ov=0 (35s)
[20:18:53] ibm11: 40000 iters, fast=0.9512 tilos=0.9512 ov=0 (74s)
[20:19:32] ibm11: 60000 iters, fast=0.9403 tilos=0.9403 ov=0 (114s)
[20:20:12] ibm11: 80000 iters, fast=0.9343 tilos=0.9343 ov=0 (153s)
[20:20:51] ibm11: 100000 iters, fast=0.9298 tilos=0.9298 ov=0 (193s)
[20:21:31] ibm11: 120000 iters, fast=0.9278 tilos=0.9278 ov=0 (233s)
[20:22:11] ibm11: 140000 iters, fast=0.9264 tilos=0.9264 ov=0 (273s)
[20:22:51] ibm11: 160000 iters, fast=0.9250 tilos=0.9250 ov=0 (313s)
[20:23:31] ibm11: 180000 iters, fast=0.9239 tilos=0.9239 ov=0 (352s)
[20:24:11] ibm11: 200000 iters, fast=0.9223 tilos=0.9223 ov=0 (392s)
[20:24:51] ibm11: 220000 iters, fast=0.9212 tilos=0.9212 ov=0 (432s)
[20:25:31] ibm11: 240000 iters, fast=0.9206 tilos=0.9206 ov=0 (473s)
[20:26:11] ibm11: 260000 iters, fast=0.9198 tilos=0.9198 ov=0 (512s)
[20:26:50] ibm11: 280000 iters, fast=0.9191 tilos=0.9191 ov=0 (552s)
[20:27:30] ibm11: 300000 iters, fast=0.9183 tilos=0.9183 ov=0 (591s)
[20:28:10] ibm11: 320000 iters, fast=0.9178 tilos=0.9178 ov=0 (631s)
[20:28:49] ibm11: 340000 iters, fast=0.9170 tilos=0.9170 ov=0 (670s)
[20:29:29] ibm11: 360000 iters, fast=0.9165 tilos=0.9165 ov=0 (710s)
[20:30:08] ibm11: 380000 iters, fast=0.9156 tilos=0.9156 ov=0 (750s)
[20:30:48] ibm11: 400000 iters, fast=0.9151 tilos=0.9151 ov=0 (789s)
[20:31:28] ibm11: 420000 iters, fast=0.9144 tilos=0.9144 ov=0 (829s)
[20:32:07] ibm11: 440000 iters, fast=0.9137 tilos=0.9137 ov=0 (869s)
[20:32:47] ibm11: 460000 iters, fast=0.9135 tilos=0.9135 ov=0 (909s)
[20:33:27] ibm11: 480000 iters, fast=0.9128 tilos=0.9128 ov=0 (948s)
[20:34:07] ibm11: 500000 iters, fast=0.9124 tilos=0.9124 ov=0 (988s)
[20:34:07] ibm11: DONE (500000 iters, 988s)
[20:34:19] ibm12: fresh start from legalized reference
[20:35:25] ibm12: 20000 iters, fast=1.3565 tilos=1.3565 ov=0 (44s)
[20:36:24] ibm12: 40000 iters, fast=1.3145 tilos=1.3145 ov=0 (103s)
[20:37:24] ibm12: 60000 iters, fast=1.2820 tilos=1.2820 ov=0 (163s)
[20:38:24] ibm12: 80000 iters, fast=1.2651 tilos=1.2651 ov=0 (223s)
[20:39:23] ibm12: 100000 iters, fast=1.2522 tilos=1.2522 ov=0 (282s)
[20:40:23] ibm12: 120000 iters, fast=1.2427 tilos=1.2427 ov=0 (342s)
[20:41:23] ibm12: 140000 iters, fast=1.2369 tilos=1.2369 ov=0 (402s)
[20:42:22] ibm12: 160000 iters, fast=1.2324 tilos=1.2324 ov=0 (462s)
[20:43:24] ibm12: 180000 iters, fast=1.2284 tilos=1.2284 ov=0 (521s)
[20:44:24] ibm12: 200000 iters, fast=1.2247 tilos=1.2247 ov=0 (583s)
[20:45:23] ibm12: 220000 iters, fast=1.2222 tilos=1.2222 ov=0 (643s)
[20:46:23] ibm12: 240000 iters, fast=1.2208 tilos=1.2208 ov=0 (703s)
[20:47:23] ibm12: 260000 iters, fast=1.2194 tilos=1.2194 ov=0 (762s)
[20:48:23] ibm12: 280000 iters, fast=1.2181 tilos=1.2181 ov=0 (822s)
[20:49:23] ibm12: 300000 iters, fast=1.2169 tilos=1.2169 ov=0 (883s)
[20:50:23] ibm12: 320000 iters, fast=1.2161 tilos=1.2161 ov=0 (943s)
[20:51:23] ibm12: 340000 iters, fast=1.2156 tilos=1.2156 ov=0 (1003s)
[20:52:23] ibm12: 360000 iters, fast=1.2152 tilos=1.2152 ov=0 (1062s)
[20:53:24] ibm12: 380000 iters, fast=1.2149 tilos=1.2149 ov=0 (1123s)
[20:54:24] ibm12: 400000 iters, fast=1.2146 tilos=1.2146 ov=0 (1184s)
[20:55:24] ibm12: 420000 iters, fast=1.2142 tilos=1.2142 ov=0 (1244s)
[20:56:26] ibm12: 440000 iters, fast=1.2135 tilos=1.2135 ov=0 (1304s)
[20:57:28] ibm12: 460000 iters, fast=1.2131 tilos=1.2131 ov=0 (1365s)
[20:58:28] ibm12: 480000 iters, fast=1.2126 tilos=1.2126 ov=0 (1427s)
[20:59:28] ibm12: 500000 iters, fast=1.2122 tilos=1.2122 ov=0 (1487s)
[20:59:28] ibm12: DONE (500000 iters, 1487s)
[20:59:32] ibm13: fresh start from legalized reference
[21:00:22] ibm13: 20000 iters, fast=1.0714 tilos=1.0714 ov=0 (42s)
[21:01:11] ibm13: 40000 iters, fast=1.0397 tilos=1.0397 ov=0 (90s)
[21:01:59] ibm13: 60000 iters, fast=1.0254 tilos=1.0254 ov=0 (139s)
[21:02:47] ibm13: 80000 iters, fast=1.0175 tilos=1.0175 ov=0 (187s)
[21:03:36] ibm13: 100000 iters, fast=1.0114 tilos=1.0114 ov=0 (235s)
[21:04:24] ibm13: 120000 iters, fast=1.0082 tilos=1.0082 ov=0 (284s)
[21:05:13] ibm13: 140000 iters, fast=1.0048 tilos=1.0048 ov=0 (332s)
[21:06:01] ibm13: 160000 iters, fast=1.0024 tilos=1.0024 ov=0 (381s)
[21:06:50] ibm13: 180000 iters, fast=1.0003 tilos=1.0003 ov=0 (429s)
[21:07:38] ibm13: 200000 iters, fast=0.9992 tilos=0.9992 ov=0 (478s)
[21:08:27] ibm13: 220000 iters, fast=0.9982 tilos=0.9982 ov=0 (526s)
[21:09:15] ibm13: 240000 iters, fast=0.9973 tilos=0.9973 ov=0 (575s)
[21:10:04] ibm13: 260000 iters, fast=0.9962 tilos=0.9962 ov=0 (623s)
[21:10:52] ibm13: 280000 iters, fast=0.9949 tilos=0.9949 ov=0 (672s)
[21:11:41] ibm13: 300000 iters, fast=0.9940 tilos=0.9940 ov=0 (720s)
[21:12:30] ibm13: 320000 iters, fast=0.9933 tilos=0.9933 ov=0 (769s)
[21:13:18] ibm13: 340000 iters, fast=0.9928 tilos=0.9928 ov=0 (817s)
[21:14:07] ibm13: 360000 iters, fast=0.9923 tilos=0.9923 ov=0 (866s)
[21:14:55] ibm13: 380000 iters, fast=0.9919 tilos=0.9919 ov=0 (915s)
[21:15:44] ibm13: 400000 iters, fast=0.9916 tilos=0.9916 ov=0 (963s)
[21:16:32] ibm13: 420000 iters, fast=0.9913 tilos=0.9913 ov=0 (1012s)
[21:17:20] ibm13: 440000 iters, fast=0.9909 tilos=0.9909 ov=0 (1060s)
[21:18:09] ibm13: 460000 iters, fast=0.9905 tilos=0.9905 ov=0 (1108s)
[21:18:58] ibm13: 480000 iters, fast=0.9900 tilos=0.9900 ov=0 (1157s)
[21:19:48] ibm13: 500000 iters, fast=0.9895 tilos=0.9895 ov=0 (1206s)
[21:19:48] ibm13: DONE (500000 iters, 1206s)
[21:20:01] ibm14: fresh start from legalized reference
[21:21:30] ibm14: 20000 iters, fast=1.2799 tilos=1.2799 ov=0 (61s)
[21:22:49] ibm14: 40000 iters, fast=1.2391 tilos=1.2391 ov=0 (140s)
[21:24:09] ibm14: 60000 iters, fast=1.2195 tilos=1.2195 ov=0 (220s)
[21:25:29] ibm14: 80000 iters, fast=1.2076 tilos=1.2076 ov=0 (300s)
[21:26:49] ibm14: 100000 iters, fast=1.2000 tilos=1.2000 ov=0 (380s)
[21:28:09] ibm14: 120000 iters, fast=1.1944 tilos=1.1944 ov=0 (460s)
[21:29:30] ibm14: 140000 iters, fast=1.1906 tilos=1.1906 ov=0 (540s)
[21:30:51] ibm14: 160000 iters, fast=1.1871 tilos=1.1871 ov=0 (622s)
[21:32:10] ibm14: 180000 iters, fast=1.1834 tilos=1.1834 ov=0 (702s)
[21:33:30] ibm14: 200000 iters, fast=1.1806 tilos=1.1806 ov=0 (781s)
[21:34:49] ibm14: 220000 iters, fast=1.1777 tilos=1.1777 ov=0 (861s)
[21:36:10] ibm14: 240000 iters, fast=1.1758 tilos=1.1758 ov=0 (941s)
[21:37:30] ibm14: 260000 iters, fast=1.1742 tilos=1.1742 ov=0 (1022s)
[21:38:51] ibm14: 280000 iters, fast=1.1723 tilos=1.1723 ov=0 (1102s)
[21:40:11] ibm14: 300000 iters, fast=1.1705 tilos=1.1705 ov=0 (1182s)
[21:41:33] ibm14: 320000 iters, fast=1.1694 tilos=1.1694 ov=0 (1263s)
[21:42:52] ibm14: 340000 iters, fast=1.1683 tilos=1.1683 ov=0 (1344s)
[21:44:13] ibm14: 360000 iters, fast=1.1672 tilos=1.1672 ov=0 (1424s)
[21:45:33] ibm14: 380000 iters, fast=1.1661 tilos=1.1661 ov=0 (1504s)
[21:46:54] ibm14: 400000 iters, fast=1.1654 tilos=1.1654 ov=0 (1585s)
[21:48:14] ibm14: 420000 iters, fast=1.1647 tilos=1.1647 ov=0 (1665s)
[21:49:34] ibm14: 440000 iters, fast=1.1640 tilos=1.1640 ov=0 (1745s)
[21:50:55] ibm14: 460000 iters, fast=1.1631 tilos=1.1631 ov=0 (1826s)
[21:52:15] ibm14: 480000 iters, fast=1.1623 tilos=1.1623 ov=0 (1906s)
[21:53:36] ibm14: 500000 iters, fast=1.1616 tilos=1.1616 ov=0 (1987s)
[21:53:36] ibm14: DONE (500000 iters, 1987s)
[21:53:43] ibm15: fresh start from legalized reference
[21:55:04] ibm15: 20000 iters, fast=1.2730 tilos=1.2730 ov=0 (65s)
[21:56:20] ibm15: 40000 iters, fast=1.2342 tilos=1.2342 ov=0 (141s)
[21:57:36] ibm15: 60000 iters, fast=1.2193 tilos=1.2193 ov=0 (217s)
[21:58:53] ibm15: 80000 iters, fast=1.2086 tilos=1.2086 ov=0 (294s)
[22:00:10] ibm15: 100000 iters, fast=1.2014 tilos=1.2014 ov=0 (371s)
[22:01:27] ibm15: 120000 iters, fast=1.1953 tilos=1.1953 ov=0 (447s)
[22:02:43] ibm15: 140000 iters, fast=1.1902 tilos=1.1902 ov=0 (524s)
[22:03:59] ibm15: 160000 iters, fast=1.1866 tilos=1.1866 ov=0 (600s)
[22:05:15] ibm15: 180000 iters, fast=1.1832 tilos=1.1832 ov=0 (676s)
[22:06:32] ibm15: 200000 iters, fast=1.1801 tilos=1.1801 ov=0 (752s)
[22:07:49] ibm15: 220000 iters, fast=1.1779 tilos=1.1779 ov=0 (829s)
[22:09:05] ibm15: 240000 iters, fast=1.1765 tilos=1.1764 ov=0 (906s)
[22:10:22] ibm15: 260000 iters, fast=1.1752 tilos=1.1752 ov=0 (982s)
[22:11:39] ibm15: 280000 iters, fast=1.1741 tilos=1.1741 ov=0 (1059s)
[22:12:56] ibm15: 300000 iters, fast=1.1725 tilos=1.1725 ov=0 (1137s)
[22:14:14] ibm15: 320000 iters, fast=1.1710 tilos=1.1710 ov=0 (1214s)
[22:15:30] ibm15: 340000 iters, fast=1.1697 tilos=1.1697 ov=0 (1291s)
[22:16:49] ibm15: 360000 iters, fast=1.1683 tilos=1.1683 ov=0 (1369s)
[22:18:06] ibm15: 380000 iters, fast=1.1674 tilos=1.1675 ov=0 (1446s)
[22:19:22] ibm15: 400000 iters, fast=1.1665 tilos=1.1665 ov=0 (1523s)
[22:20:39] ibm15: 420000 iters, fast=1.1652 tilos=1.1652 ov=0 (1600s)
[22:21:56] ibm15: 440000 iters, fast=1.1642 tilos=1.1642 ov=0 (1676s)
[22:23:12] ibm15: 460000 iters, fast=1.1634 tilos=1.1634 ov=0 (1753s)
[22:24:30] ibm15: 480000 iters, fast=1.1631 tilos=1.1631 ov=0 (1830s)
[22:25:47] ibm15: 500000 iters, fast=1.1624 tilos=1.1624 ov=0 (1908s)
[22:25:47] ibm15: DONE (500000 iters, 1908s)
[22:25:59] ibm16: fresh start from legalized reference
[22:27:46] ibm16: 20000 iters, fast=1.2098 tilos=1.2098 ov=0 (74s)
[22:29:25] ibm16: 40000 iters, fast=1.1721 tilos=1.1721 ov=0 (172s)
[22:31:02] ibm16: 60000 iters, fast=1.1521 tilos=1.1521 ov=0 (271s)
[22:32:40] ibm16: 80000 iters, fast=1.1415 tilos=1.1415 ov=0 (368s)
[22:34:16] ibm16: 100000 iters, fast=1.1359 tilos=1.1359 ov=0 (465s)
[22:35:53] ibm16: 120000 iters, fast=1.1318 tilos=1.1318 ov=0 (562s)
[22:37:32] ibm16: 140000 iters, fast=1.1288 tilos=1.1288 ov=0 (660s)
[22:39:09] ibm16: 160000 iters, fast=1.1263 tilos=1.1263 ov=0 (758s)
[22:40:47] ibm16: 180000 iters, fast=1.1243 tilos=1.1243 ov=0 (856s)
[22:42:24] ibm16: 200000 iters, fast=1.1223 tilos=1.1223 ov=0 (953s)
[22:44:01] ibm16: 220000 iters, fast=1.1207 tilos=1.1207 ov=0 (1050s)
[22:45:38] ibm16: 240000 iters, fast=1.1188 tilos=1.1188 ov=0 (1147s)
[22:47:15] ibm16: 260000 iters, fast=1.1175 tilos=1.1175 ov=0 (1244s)
[22:48:52] ibm16: 280000 iters, fast=1.1161 tilos=1.1161 ov=0 (1341s)
[22:50:30] ibm16: 300000 iters, fast=1.1145 tilos=1.1145 ov=0 (1438s)
[22:52:07] ibm16: 320000 iters, fast=1.1135 tilos=1.1135 ov=0 (1535s)
[22:53:44] ibm16: 340000 iters, fast=1.1127 tilos=1.1127 ov=0 (1633s)
[22:55:21] ibm16: 360000 iters, fast=1.1119 tilos=1.1119 ov=0 (1730s)
[22:57:00] ibm16: 380000 iters, fast=1.1114 tilos=1.1114 ov=0 (1828s)
[22:58:38] ibm16: 400000 iters, fast=1.1109 tilos=1.1109 ov=0 (1926s)
[23:00:14] ibm16: 420000 iters, fast=1.1101 tilos=1.1101 ov=0 (2023s)
[23:01:52] ibm16: 440000 iters, fast=1.1091 tilos=1.1091 ov=0 (2120s)
[23:01:52] ibm16: DONE (440000 iters, 2120s)
[23:02:19] ibm17: fresh start from legalized reference
[23:04:29] ibm17: 20000 iters, fast=1.4137 tilos=1.4137 ov=0 (76s)
[23:06:24] ibm17: 40000 iters, fast=1.3694 tilos=1.3694 ov=0 (191s)
[23:08:19] ibm17: 60000 iters, fast=1.3452 tilos=1.3452 ov=0 (306s)
[23:10:14] ibm17: 80000 iters, fast=1.3303 tilos=1.3303 ov=0 (421s)
[23:12:10] ibm17: 100000 iters, fast=1.3194 tilos=1.3194 ov=0 (537s)
[23:14:06] ibm17: 120000 iters, fast=1.3141 tilos=1.3141 ov=0 (653s)
[23:16:01] ibm17: 140000 iters, fast=1.3090 tilos=1.3090 ov=0 (768s)
[23:17:56] ibm17: 160000 iters, fast=1.3044 tilos=1.3044 ov=0 (883s)
[23:19:52] ibm17: 180000 iters, fast=1.3006 tilos=1.3006 ov=0 (998s)
[23:21:47] ibm17: 200000 iters, fast=1.2980 tilos=1.2980 ov=0 (1114s)
[23:23:42] ibm17: 220000 iters, fast=1.2956 tilos=1.2956 ov=0 (1229s)
[23:25:37] ibm17: 240000 iters, fast=1.2939 tilos=1.2939 ov=0 (1344s)
[23:27:32] ibm17: 260000 iters, fast=1.2918 tilos=1.2918 ov=0 (1460s)
[23:29:28] ibm17: 280000 iters, fast=1.2910 tilos=1.2910 ov=0 (1575s)
[23:31:24] ibm17: 300000 iters, fast=1.2896 tilos=1.2896 ov=0 (1691s)
[23:33:19] ibm17: 320000 iters, fast=1.2885 tilos=1.2885 ov=0 (1807s)
[23:35:15] ibm17: 340000 iters, fast=1.2874 tilos=1.2874 ov=0 (1922s)
[23:37:10] ibm17: 360000 iters, fast=1.2863 tilos=1.2863 ov=0 (2037s)
[23:39:07] ibm17: 380000 iters, fast=1.2849 tilos=1.2849 ov=0 (2153s)
[23:39:07] ibm17: DONE (380000 iters, 2153s)
[23:39:14] ibm18: fresh start from legalized reference
[23:40:58] ibm18: 20000 iters, fast=1.4062 tilos=1.4062 ov=0 (85s)
[23:42:35] ibm18: 40000 iters, fast=1.3680 tilos=1.3680 ov=0 (182s)
[23:44:12] ibm18: 60000 iters, fast=1.3445 tilos=1.3445 ov=0 (279s)
[23:45:50] ibm18: 80000 iters, fast=1.3337 tilos=1.3337 ov=0 (377s)
[23:47:28] ibm18: 100000 iters, fast=1.3279 tilos=1.3279 ov=0 (474s)
[23:49:06] ibm18: 120000 iters, fast=1.3237 tilos=1.3237 ov=0 (573s)
[23:50:44] ibm18: 140000 iters, fast=1.3186 tilos=1.3186 ov=0 (671s)
[23:52:22] ibm18: 160000 iters, fast=1.3155 tilos=1.3155 ov=0 (769s)
[23:54:01] ibm18: 180000 iters, fast=1.3132 tilos=1.3132 ov=0 (868s)
[23:55:41] ibm18: 200000 iters, fast=1.3115 tilos=1.3115 ov=0 (967s)
[23:57:21] ibm18: 220000 iters, fast=1.3092 tilos=1.3092 ov=0 (1067s)
[23:59:00] ibm18: 240000 iters, fast=1.3079 tilos=1.3079 ov=0 (1167s)
[00:00:39] ibm18: 260000 iters, fast=1.3068 tilos=1.3068 ov=0 (1265s)
[00:02:16] ibm18: 280000 iters, fast=1.3057 tilos=1.3057 ov=0 (1363s)
[00:03:54] ibm18: 300000 iters, fast=1.3042 tilos=1.3042 ov=0 (1460s)
[00:05:31] ibm18: 320000 iters, fast=1.3031 tilos=1.3031 ov=0 (1558s)
[00:07:08] ibm18: 340000 iters, fast=1.3020 tilos=1.3020 ov=0 (1655s)
[00:08:44] ibm18: 360000 iters, fast=1.3014 tilos=1.3014 ov=0 (1751s)
[00:10:22] ibm18: 380000 iters, fast=1.3009 tilos=1.3009 ov=0 (1849s)
[00:12:00] ibm18: 400000 iters, fast=1.3005 tilos=1.3005 ov=0 (1947s)
[00:13:37] ibm18: 420000 iters, fast=1.3002 tilos=1.3002 ov=0 (2043s)
[00:15:14] ibm18: 440000 iters, fast=1.2999 tilos=1.2999 ov=0 (2141s)
[00:15:14] ibm18: DONE (440000 iters, 2141s)
[00:15:14] === sweep finished ===
[00:28:27] === overnight sweep start: 17 benches, iter_cap=1000000, time_cap=60.0min, deadline=9.0h ===
[00:28:28] ibm01: resume from 500000 iters, best=0.8013
[00:28:50] ibm01: 520000 iters, fast=0.8009 tilos=0.8012 ov=0 (570s)
[00:29:12] ibm01: 540000 iters, fast=0.8004 tilos=0.8006 ov=0 (592s)
[00:29:34] ibm01: 560000 iters, fast=0.8001 tilos=0.8003 ov=0 (614s)
[00:29:56] ibm01: 580000 iters, fast=0.7994 tilos=0.7996 ov=0 (637s)
[00:30:18] ibm01: 600000 iters, fast=0.7991 tilos=0.7993 ov=0 (658s)
[00:30:40] ibm01: 620000 iters, fast=0.7987 tilos=0.7989 ov=0 (681s)
[00:31:02] ibm01: 640000 iters, fast=0.7984 tilos=0.7986 ov=0 (703s)
[00:31:25] ibm01: 660000 iters, fast=0.7981 tilos=0.7983 ov=0 (725s)
[00:31:47] ibm01: 680000 iters, fast=0.7977 tilos=0.7979 ov=0 (747s)
[00:32:09] ibm01: 700000 iters, fast=0.7975 tilos=0.7977 ov=0 (769s)
[00:32:30] ibm01: 720000 iters, fast=0.7975 tilos=0.7977 ov=0 (791s)
[00:32:53] ibm01: 740000 iters, fast=0.7974 tilos=0.7976 ov=0 (813s)
[00:33:14] ibm01: 760000 iters, fast=0.7970 tilos=0.7972 ov=0 (835s)
[00:33:36] ibm01: 780000 iters, fast=0.7968 tilos=0.7971 ov=0 (857s)
[00:33:58] ibm01: 800000 iters, fast=0.7967 tilos=0.7969 ov=0 (878s)
[00:34:20] ibm01: 820000 iters, fast=0.7964 tilos=0.7966 ov=0 (900s)
[00:34:42] ibm01: 840000 iters, fast=0.7962 tilos=0.7965 ov=0 (922s)
[00:35:04] ibm01: 860000 iters, fast=0.7961 tilos=0.7965 ov=0 (944s)
[00:35:26] ibm01: 880000 iters, fast=0.7961 tilos=0.7964 ov=0 (966s)
[00:35:48] ibm01: 900000 iters, fast=0.7960 tilos=0.7963 ov=0 (988s)
[00:36:10] ibm01: 920000 iters, fast=0.7959 tilos=0.7962 ov=0 (1010s)
[00:36:32] ibm01: 940000 iters, fast=0.7958 tilos=0.7961 ov=0 (1032s)
[00:36:54] ibm01: 960000 iters, fast=0.7957 tilos=0.7959 ov=0 (1054s)
[00:37:16] ibm01: 980000 iters, fast=0.7955 tilos=0.7958 ov=0 (1076s)
[00:37:38] ibm01: 1000000 iters, fast=0.7954 tilos=0.7957 ov=0 (1098s)
[00:37:38] ibm01: DONE (1000000 iters, 1098s)
[00:37:39] ibm02: resume from 500000 iters, best=1.1356
[00:38:14] ibm02: 520000 iters, fast=1.1353 tilos=1.1353 ov=0 (864s)
[00:38:47] ibm02: 540000 iters, fast=1.1350 tilos=1.1350 ov=0 (898s)
[00:39:21] ibm02: 560000 iters, fast=1.1348 tilos=1.1348 ov=0 (931s)
[00:39:54] ibm02: 580000 iters, fast=1.1346 tilos=1.1346 ov=0 (965s)
[00:40:27] ibm02: 600000 iters, fast=1.1343 tilos=1.1343 ov=0 (998s)
[00:41:01] ibm02: 620000 iters, fast=1.1342 tilos=1.1342 ov=0 (1031s)
[00:41:34] ibm02: 640000 iters, fast=1.1339 tilos=1.1339 ov=0 (1065s)
[00:42:07] ibm02: 660000 iters, fast=1.1338 tilos=1.1338 ov=0 (1098s)
[00:42:41] ibm02: 680000 iters, fast=1.1335 tilos=1.1335 ov=0 (1131s)
[00:43:14] ibm02: 700000 iters, fast=1.1333 tilos=1.1333 ov=0 (1165s)
[00:43:48] ibm02: 720000 iters, fast=1.1331 tilos=1.1331 ov=0 (1199s)
[00:44:21] ibm02: 740000 iters, fast=1.1329 tilos=1.1329 ov=0 (1232s)
[00:44:54] ibm02: 760000 iters, fast=1.1327 tilos=1.1327 ov=0 (1265s)
[00:45:28] ibm02: 780000 iters, fast=1.1325 tilos=1.1325 ov=0 (1299s)
[00:46:01] ibm02: 800000 iters, fast=1.1323 tilos=1.1323 ov=0 (1332s)
[00:46:35] ibm02: 820000 iters, fast=1.1321 tilos=1.1321 ov=0 (1366s)
[00:47:08] ibm02: 840000 iters, fast=1.1320 tilos=1.1320 ov=0 (1399s)
[00:47:41] ibm02: 860000 iters, fast=1.1318 tilos=1.1318 ov=0 (1432s)
[00:48:15] ibm02: 880000 iters, fast=1.1317 tilos=1.1317 ov=0 (1465s)
[00:48:48] ibm02: 900000 iters, fast=1.1317 tilos=1.1317 ov=0 (1499s)
[00:49:22] ibm02: 920000 iters, fast=1.1315 tilos=1.1315 ov=0 (1533s)
[00:49:56] ibm02: 940000 iters, fast=1.1314 tilos=1.1314 ov=0 (1566s)
[00:50:29] ibm02: 960000 iters, fast=1.1313 tilos=1.1313 ov=0 (1600s)
[00:51:02] ibm02: 980000 iters, fast=1.1312 tilos=1.1312 ov=0 (1633s)
[00:51:35] ibm02: 1000000 iters, fast=1.1311 tilos=1.1311 ov=0 (1666s)
[00:51:35] ibm02: DONE (1000000 iters, 1666s)
[00:51:36] ibm03: resume from 500000 iters, best=0.9932
[00:52:02] ibm03: 520000 iters, fast=0.9927 tilos=0.9928 ov=0 (658s)
[00:52:27] ibm03: 540000 iters, fast=0.9926 tilos=0.9926 ov=0 (683s)
[00:52:52] ibm03: 560000 iters, fast=0.9925 tilos=0.9925 ov=0 (708s)
[00:53:17] ibm03: 580000 iters, fast=0.9924 tilos=0.9924 ov=0 (733s)
[00:53:43] ibm03: 600000 iters, fast=0.9921 tilos=0.9922 ov=0 (758s)
[00:54:08] ibm03: 620000 iters, fast=0.9919 tilos=0.9920 ov=0 (784s)
[00:54:33] ibm03: 640000 iters, fast=0.9916 tilos=0.9916 ov=0 (809s)
[00:54:59] ibm03: 660000 iters, fast=0.9914 tilos=0.9915 ov=0 (834s)
[00:55:24] ibm03: 680000 iters, fast=0.9914 tilos=0.9915 ov=0 (859s)
[00:55:50] ibm03: 700000 iters, fast=0.9913 tilos=0.9913 ov=0 (885s)
[00:56:15] ibm03: 720000 iters, fast=0.9912 tilos=0.9912 ov=0 (911s)
[00:56:41] ibm03: 740000 iters, fast=0.9911 tilos=0.9912 ov=0 (936s)
[00:57:06] ibm03: 760000 iters, fast=0.9910 tilos=0.9910 ov=0 (962s)
[00:57:31] ibm03: 780000 iters, fast=0.9909 tilos=0.9910 ov=0 (987s)
[00:57:57] ibm03: 800000 iters, fast=0.9909 tilos=0.9909 ov=0 (1012s)
[00:58:22] ibm03: 820000 iters, fast=0.9908 tilos=0.9909 ov=0 (1038s)
[00:58:47] ibm03: 840000 iters, fast=0.9908 tilos=0.9908 ov=0 (1063s)
[00:59:13] ibm03: 860000 iters, fast=0.9907 tilos=0.9907 ov=0 (1088s)
[00:59:38] ibm03: 880000 iters, fast=0.9906 tilos=0.9907 ov=0 (1114s)
[01:00:04] ibm03: 900000 iters, fast=0.9906 tilos=0.9907 ov=0 (1139s)
[01:00:29] ibm03: 920000 iters, fast=0.9904 tilos=0.9905 ov=0 (1165s)
[01:00:55] ibm03: 940000 iters, fast=0.9904 tilos=0.9904 ov=0 (1190s)
[01:01:20] ibm03: 960000 iters, fast=0.9898 tilos=0.9898 ov=0 (1216s)
[01:01:45] ibm03: 980000 iters, fast=0.9894 tilos=0.9895 ov=0 (1241s)
[01:02:11] ibm03: 1000000 iters, fast=0.9887 tilos=0.9888 ov=0 (1267s)
[01:02:11] ibm03: DONE (1000000 iters, 1267s)
[01:02:12] ibm04: resume from 500000 iters, best=0.9872
[01:02:40] ibm04: 520000 iters, fast=0.9869 tilos=0.9869 ov=0 (680s)
[01:03:07] ibm04: 540000 iters, fast=0.9866 tilos=0.9866 ov=0 (707s)
[01:03:34] ibm04: 560000 iters, fast=0.9865 tilos=0.9865 ov=0 (734s)
[01:04:02] ibm04: 580000 iters, fast=0.9864 tilos=0.9864 ov=0 (762s)
[01:04:29] ibm04: 600000 iters, fast=0.9862 tilos=0.9862 ov=0 (788s)
[01:04:56] ibm04: 620000 iters, fast=0.9860 tilos=0.9860 ov=0 (816s)
[01:05:23] ibm04: 640000 iters, fast=0.9859 tilos=0.9859 ov=0 (842s)
[01:05:50] ibm04: 660000 iters, fast=0.9858 tilos=0.9858 ov=0 (870s)
[01:06:17] ibm04: 680000 iters, fast=0.9855 tilos=0.9855 ov=0 (897s)
[01:06:44] ibm04: 700000 iters, fast=0.9853 tilos=0.9853 ov=0 (924s)
[01:07:11] ibm04: 720000 iters, fast=0.9850 tilos=0.9850 ov=0 (951s)
